// Jest Snapshot v1, https://goo.gl/fbAQLP

exports[`HomePage renders correctly 1`] = `
<DocumentFragment>
  <div
    class="home-page"
  >
    <div>
      ToastContainer
    </div>
    <h1
      class="todays-date"
    >
      Sun Nov 05 2023
    </h1>
    <div
      class="emojis"
    >
      <div
        class="emoji-reaction-prompt"
      >
        What best describes your mood today?
      </div>
      <button
        class="emoji-reaction "
      >
        😃
      </button>
      <button
        class="emoji-reaction "
      >
        😊
      </button>
      <button
        class="emoji-reaction "
      >
        😐
      </button>
      <button
        class="emoji-reaction "
      >
        😢
      </button>
      <button
        class="emoji-reaction "
      >
        😡
      </button>
    </div>
    <form
      class="editor-container"
    >
      <textarea
        class="custom-editor"
        name="journalEntry"
        placeholder="Write your journal entry..."
        rows="10"
      />
      <input
        name="mood"
        type="hidden"
        value=""
      />
      <div
        class="editor-addons"
      >
        <div
          class="word-limit"
        >
          Word Count: 0/500
        </div>
        <div
          class="button-container"
        >
          <button
            class="submit-button disabled-button"
            disabled=""
            title="Mood is required"
            type="submit"
          >
            Submit Diary
          </button>
          <div
            class="hint-text"
          >
            Mood is required
          </div>
        </div>
      </div>
    </form>
  </div>
</DocumentFragment>
`;
